[
  {
    "itemId": 10344,
    "name": "3rd age amulet",
    "value": 50500,
    "limit": 8,
    "lowalch": 20200,
    "highalch": 30300,
    "members": true
  },
  {
    "itemId": 20011,
    "name": "3rd age axe",
    "value": 55000,
    "limit": 40,
    "lowalch": 22000,
    "highalch": 33000,
    "members": true
  }
]
